// Jest Snapshot v1, https://goo.gl/fbAQLP

exports[`Should render de DashboardPage 1`] = `
<div>
  Expense Dashboard Page
  <Connect(ExpenseListFilter) />
  <Connect(ExpenseList) />
</div>
`;
